data:image/svg+xml,%3csvg xmlns='http://www.w3.org/2000/svg' width='500' height='545.8333333333333' viewBox='0 0 25.2 27.509999999999998' shape-rendering='crispEdges'%3e%3crect fill='lime' width='25.2' height='27.509999999999998'/%3e%3cpath stroke='black' d='M2.1 2.6h7m3 0h1m3 0h7M2.1 3.6h1m5 0h1m2 0h1m4 0h1m5 0h1M2.1 4.6h1m1 0h3m1 0h1m1 0h1m2 0h2m1 0h1m1 0h3m1 0h1M2.1 5.6h1m1 0h3m1 0h1m1 0h3m3 0h1m1 0h3m1 0h1M2.1 6.6h1m1 0h3m1 0h1m2 0h1m1 0h1m2 0h1m1 0h3m1 0h1M2.1 7.6h1m5 0h1m2 0h1m1 0h2m1 0h1m5 0h1M2.1 8.6h7m1 0h1m1 0h1m1 0h1m1 0h7M12.1 9.6h1m1 0h1M5.1 10.6h2m1 0h2m1 0h1m1 0h2m4 0h2M2.1 11.6h2m1 0h1m3 0h1m1 0h3m2 0h4m2 0h1M3.1 12.6h4m1 0h1m2 0h2m1 0h1m2 0h1m1 0h1m2 0h1M2.1 13.6h1m1 0h1m1 0h2m2 0h1m2 0h1m3 0h2M3.1 14.6h1m1 0h6m3 0h1m2 0h5M10.1 15.6h4m2 0h1m3 0h1M2.1 16.6h7m1 0h2m2 0h1m1 0h1m2 0h2M2.1 17.6h1m5 0h1m11 0h3M2.1 18.6h1m1 0h3m1 0h1m1 0h1m3 0h1m3 0h1m1 0h1m1 0h1M2.1 19.6h1m1 0h3m1 0h1m1 0h1m1 0h1m4 0h2M2.1 20.6h1m1 0h3m1 0h1m5 0h6m1 0h2M2.1 21.6h1m5 0h1m2 0h1m2 0h4m1 0h1m1 0h2M2.1 22.6h7m4 0h1m1 0h4m1 0h1'/%3e%3ctext y='25.8825' x='50%25' text-anchor='middle' font-family=%22Verdana%2c 'Bitstream Vera Sans'%2c 'DejaVu Sans'%2c Tahoma%2c Geneva%2c Arial%2c Sans-serif%22 font-size='2.1' fill='black'%3eCaption%3c/text%3e%3c/svg%3e