data:image/svg+xml,%3csvg xmlns='http://www.w3.org/2000/svg' width='500' height='545.8333333333333' viewBox='0 0 30 32.75' shape-rendering='crispEdges'%3e%3crect fill='lime' width='30' height='32.75'/%3e%3cpath stroke='black' d='M2.5 3h7m7 0h2m2 0h7M2.5 4h1m5 0h1m1 0h2m4 0h1m3 0h1m5 0h1M2.5 5h1m1 0h3m1 0h1m1 0h2m1 0h1m1 0h2m1 0h1m1 0h1m1 0h3m1 0h1M2.5 6h1m1 0h3m1 0h1m1 0h2m2 0h3m1 0h1m1 0h1m1 0h3m1 0h1M2.5 7h1m1 0h3m1 0h1m1 0h1m1 0h1m3 0h1m1 0h1m1 0h1m1 0h3m1 0h1M2.5 8h1m5 0h1m1 0h3m2 0h4m1 0h1m5 0h1M2.5 9h7m1 0h1m1 0h1m1 0h1m1 0h1m1 0h1m1 0h7M15.5 10h2m1 0h1M4.5 11h1m2 0h6m2 0h1m1 0h1m1 0h1m1 0h5M3.5 12h1m1 0h3m2 0h3m2 0h7m2 0h3M4.5 13h3m1 0h4m1 0h2m2 0h1m1 0h1m1 0h4m1 0h1M2.5 14h3m4 0h1m4 0h1m1 0h2m4 0h2M2.5 15h2m2 0h1m1 0h1m1 0h1m1 0h1m1 0h2m1 0h1m1 0h2m4 0h1M4.5 16h2m1 0h1m4 0h2m1 0h2m4 0h1m2 0h3M2.5 17h2m1 0h2m1 0h5m1 0h1m1 0h2m3 0h4m1 0h1M5.5 18h3m2 0h3m2 0h2m3 0h1m1 0h2M2.5 19h7m2 0h12m2 0h1M10.5 20h1m1 0h2m4 0h1m3 0h1m1 0h3M2.5 21h7m1 0h5m2 0h2m1 0h1m1 0h3m1 0h1M2.5 22h1m5 0h1m1 0h1m2 0h1m1 0h4m3 0h2m2 0h1M2.5 23h1m1 0h3m1 0h1m4 0h1m2 0h1m1 0h5m2 0h1M2.5 24h1m1 0h3m1 0h1m2 0h6m1 0h5m1 0h1M2.5 25h1m1 0h3m1 0h1m1 0h2m1 0h2m1 0h1m2 0h2m1 0h5M2.5 26h1m5 0h1m3 0h1m2 0h3m5 0h1M2.5 27h7m2 0h4m2 0h2m1 0h2m4 0h1'/%3e%3ctext y='30.8125' x='50%25' text-anchor='middle' font-family=%22Verdana%2c 'Bitstream Vera Sans'%2c 'DejaVu Sans'%2c Tahoma%2c Geneva%2c Arial%2c Sans-serif%22 font-size='2.5' fill='black'%3eCaption%3c/text%3e%3c/svg%3e