data:image/svg+xml,%3csvg xmlns='http://www.w3.org/2000/svg' width='116' height='177.60000000000002' viewBox='0 0 29 44.400000000000006' shape-rendering='crispEdges'%3e%3crect fill='white' width='29' height='44.400000000000006'/%3e%3cpath stroke='black' d='M4 4.5h7m1 0h1m1 0h1m1 0h1m1 0h7M4 5.5h1m5 0h1m1 0h1m2 0h1m2 0h1m5 0h1M4 6.5h1m1 0h3m1 0h1m1 0h2m2 0h1m1 0h1m1 0h3m1 0h1M4 7.5h1m1 0h3m1 0h1m2 0h2m3 0h1m1 0h3m1 0h1M4 8.5h1m1 0h3m1 0h1m1 0h2m1 0h2m1 0h1m1 0h3m1 0h1M4 9.5h1m5 0h1m2 0h1m4 0h1m5 0h1M4 10.5h7m1 0h1m1 0h1m1 0h1m1 0h7M4 12.5h1m2 0h7m1 0h1m1 0h1m2 0h1m1 0h3M5 13.5h1m1 0h2m2 0h1m2 0h4m1 0h4M10 14.5h7m2 0h1m2 0h3M4 15.5h6m3 0h1m2 0h5m1 0h1m1 0h1M5 16.5h3m2 0h1m2 0h8M12 17.5h2m2 0h3m2 0h3M4 18.5h7m1 0h2m1 0h1m5 0h1M4 19.5h1m5 0h1m1 0h1m5 0h1m3 0h2M4 20.5h1m1 0h3m1 0h1m1 0h2m3 0h2m1 0h3m1 0h1M4 21.5h1m1 0h3m1 0h1m1 0h1m1 0h1m1 0h5M4 22.5h1m1 0h3m1 0h1m3 0h4m1 0h3m1 0h2M4 23.5h1m5 0h1m2 0h1m1 0h2m2 0h1m1 0h1m1 0h2M4 24.5h7m1 0h2m2 0h2m1 0h2m1 0h1'/%3e%3ctext y='38.55' x='50%25' text-anchor='middle' font-family=%22Verdana%2c 'Bitstream Vera Sans'%2c 'DejaVu Sans'%2c Tahoma%2c Geneva%2c Arial%2c Sans-serif%22 font-size='14' fill='black'%3ecaption%3c/text%3e%3c/svg%3e