data:image/svg+xml,%3csvg xmlns='http://www.w3.org/2000/svg' width='500' height='566.6666666666666' viewBox='0 0 33 37.4' shape-rendering='crispEdges'%3e%3crect fill='red' width='33' height='37.4'/%3e%3cpath stroke='black' d='M4 4.5h7m7 0h2m2 0h7M4 5.5h1m5 0h1m1 0h2m4 0h1m3 0h1m5 0h1M4 6.5h1m1 0h3m1 0h1m1 0h2m1 0h1m1 0h2m1 0h1m1 0h1m1 0h3m1 0h1M4 7.5h1m1 0h3m1 0h1m1 0h2m2 0h3m1 0h1m1 0h1m1 0h3m1 0h1M4 8.5h1m1 0h3m1 0h1m1 0h1m1 0h1m3 0h1m1 0h1m1 0h1m1 0h3m1 0h1M4 9.5h1m5 0h1m1 0h3m2 0h4m1 0h1m5 0h1M4 10.5h7m1 0h1m1 0h1m1 0h1m1 0h1m1 0h1m1 0h7M17 11.5h2m1 0h1M6 12.5h1m2 0h6m2 0h1m1 0h1m1 0h1m1 0h5M5 13.5h1m1 0h3m2 0h3m2 0h7m2 0h3M6 14.5h3m1 0h4m1 0h2m2 0h1m1 0h1m1 0h4m1 0h1M4 15.5h3m4 0h1m4 0h1m1 0h2m4 0h2M4 16.5h2m2 0h1m1 0h1m1 0h1m1 0h1m1 0h2m1 0h1m1 0h2m4 0h1M6 17.5h2m1 0h1m4 0h2m1 0h2m4 0h1m2 0h3M4 18.5h2m1 0h2m1 0h5m1 0h1m1 0h2m3 0h4m1 0h1M7 19.5h3m2 0h3m2 0h2m3 0h1m1 0h2M4 20.5h7m2 0h12m2 0h1M12 21.5h1m1 0h2m4 0h1m3 0h1m1 0h3M4 22.5h7m1 0h5m2 0h2m1 0h1m1 0h3m1 0h1M4 23.5h1m5 0h1m1 0h1m2 0h1m1 0h4m3 0h2m2 0h1M4 24.5h1m1 0h3m1 0h1m4 0h1m2 0h1m1 0h5m2 0h1M4 25.5h1m1 0h3m1 0h1m2 0h6m1 0h5m1 0h1M4 26.5h1m1 0h3m1 0h1m1 0h2m1 0h2m1 0h1m2 0h2m1 0h5M4 27.5h1m5 0h1m3 0h1m2 0h3m5 0h1M4 28.5h7m2 0h4m2 0h2m1 0h2m4 0h1'/%3e%3ctext y='34.3' x='50%25' text-anchor='middle' font-family=%22Verdana%2c 'Bitstream Vera Sans'%2c 'DejaVu Sans'%2c Tahoma%2c Geneva%2c Arial%2c Sans-serif%22 font-size='4' fill='black'%3eCaption%3c/text%3e%3c/svg%3e